{
    "test_samples profile": {
        "content": [
            5,
            {
                "CREATE_ANNOTATED_TABLES": {
                    "r-base": "4.3.2",
                    "r-ggplot2": null,
                    "r-dplyr": "1.1.4",
                    "r-readr": "2.1.5"
                },
                "CREATE_GENE_HEATMAP": {
                    "r-base": "4.3.2",
                    "r-dplyr": null,
                    "r-ggplot2": null,
                    "r-rlang": "1.1.3",
                    "bioconductor-ComplexHeatmap": "2.18.0",
                    "r-circlize": "0.4.15",
                    "r-yaml": "2.3.7",
                    "r-fs": "1.6.2"
                },
                "NACHO_NORMALIZE": {
                    "r-base": "4.3.2",
                    "r-nacho": "2.0.6",
                    "r-dplyr": "1.1.4",
                    "r-ggplot2": "3.4.4",
                    "r-tidyr": "1.3.0",
                    "r-readr": "2.1.5",
                    "r-fs": "1.6.2"
                },
                "NACHO_QC": {
                    "r-base": "4.3.2",
                    "r-nacho": "2.0.6",
                    "r-dplyr": "1.1.4",
                    "r-ggplot2": "3.4.4",
                    "r-tidyr": "1.3.0",
                    "r-readr": "2.1.5",
                    "r-fs": "1.6.2"
                },
                "Workflow": {
                    "nf-core/nanostring": "v1.3.1dev"
                }
            },
            [
                "QC",
                "QC/NACHO",
                "QC/NACHO/NanoQC.html",
                "QC/NACHO/NanoQC_with_outliers.html",
                "QC/NACHO/hk_detected_mqc.txt",
                "QC/NACHO/normalized_qc_mqc.txt",
                "QC/NACHO/png",
                "QC/NACHO/png/AVG_vs_BD_mqc.png",
                "QC/NACHO/png/AVG_vs_MED_mqc.png",
                "QC/NACHO/png/BD_mqc.png",
                "QC/NACHO/png/FOV_mqc.png",
                "QC/NACHO/png/HKF_mqc.png",
                "QC/NACHO/png/HK_mqc.png",
                "QC/NACHO/png/LOD_mqc.png",
                "QC/NACHO/png/Neg_mqc.png",
                "QC/NACHO/png/PCA1_vs_PCA2_mqc.png",
                "QC/NACHO/png/PCA_mqc.png",
                "QC/NACHO/png/PCAi_mqc.png",
                "QC/NACHO/png/POSF_vs_NEGF_mqc.png",
                "QC/NACHO/png/Pos_mqc.png",
                "QC/NACHO/png/Pos_vs_neg_mqc.png",
                "QC/NACHO/png/Posctrl_linearity_mqc.png",
                "QC/NACHO/png/plot_normf_mqc.png",
                "annotated_tables",
                "annotated_tables/202411151803_normalized_counts_Norm_GEX_ENDO.tsv",
                "annotated_tables/202411151803_normalized_counts_Norm_GEX_HK.tsv",
                "gene_heatmaps",
                "gene_heatmaps/gene_heatmap_mqc.png",
                "multiqc",
                "multiqc/multiqc_data",
                "multiqc/multiqc_data/multiqc.log",
                "multiqc/multiqc_data/multiqc_citations.txt",
                "multiqc/multiqc_data/multiqc_data.json",
                "multiqc/multiqc_data/multiqc_normalized_qc.txt",
                "multiqc/multiqc_data/multiqc_normalized_qc_1.txt",
                "multiqc/multiqc_data/multiqc_normalized_qc_2.txt",
                "multiqc/multiqc_data/multiqc_software_versions.txt",
                "multiqc/multiqc_data/multiqc_sources.txt",
                "multiqc/multiqc_plots",
                "multiqc/multiqc_plots/pdf",
                "multiqc/multiqc_plots/pdf/normalized_qc.pdf",
                "multiqc/multiqc_plots/png",
                "multiqc/multiqc_plots/png/normalized_qc.png",
                "multiqc/multiqc_plots/svg",
                "multiqc/multiqc_plots/svg/normalized_qc.svg",
                "multiqc/multiqc_report.html",
                "normalized_counts",
                "normalized_counts/202411151803_normalized_counts.tsv",
                "normalized_counts/202411151803_normalized_counts_wo_HKnorm.tsv",
                "pipeline_info",
                "pipeline_info/nf_core_pipeline_software_mqc_versions.yml"
            ],
            [
                "hk_detected_mqc.txt:md5,61209383acc2abf6fc3ea309b5a5e094",
                "normalized_qc_mqc.txt:md5,9a0b015a28094a17331b12b08898da8e",
                "AVG_vs_BD_mqc.png:md5,06ba42cbbbbbfebd04cdcc1e609f5945",
                "AVG_vs_MED_mqc.png:md5,783d2149574bd725e595e1fadeb84927",
                "HKF_mqc.png:md5,a21a91e53904e74a81da92eff0260816",
                "PCA1_vs_PCA2_mqc.png:md5,a07d944ed0ed85f814143eebcf8ae507",
                "PCA_mqc.png:md5,8e4456b730ab72f0dcd5ed1895660df8",
                "PCAi_mqc.png:md5,2338d5fe0e447fc74d4969725546c136",
                "POSF_vs_NEGF_mqc.png:md5,0e1b5105e68a6e0c51471afce218abdb",
                "plot_normf_mqc.png:md5,6ffd3c11f8f5ddfbd3715e1780b10b01",
                "multiqc_citations.txt:md5,4c806e63a283ec1b7e78cdae3a923d4f",
                "multiqc_normalized_qc.txt:md5,215491482edeafbe25c4ef5f3e3b0a70",
                "multiqc_normalized_qc_1.txt:md5,53d2c8086a696650333126a48f8b73b4",
                "multiqc_normalized_qc_2.txt:md5,84dc9d73b9af0d54ed3485947f91190f",
                "multiqc_sources.txt:md5,d2a044df39ce3c6abe5cdc2d67473490",
                "normalized_qc.pdf:md5,dc21faf1111279a07b5617d0c1dd0988",
                "normalized_qc.png:md5,2ada659c997bf1a081ae5a18244a39c8",
                "normalized_qc.svg:md5,3c31f37fde89f54db4c2dcc6f95c9e37"
            ]
        ],
        "meta": {
            "nf-test": "0.9.0",
            "nextflow": "24.10.0"
        },
        "timestamp": "2024-11-15T18:03:44.339539735"
    }
}