{
    "Test profile": {
        "content": [
            7,
            {
                "CREATE_ANNOTATED_TABLES": {
                    "r-base": "4.3.3",
                    "r-ggplot2": null,
                    "r-dplyr": "1.1.4",
                    "r-readr": "2.1.5"
                },
                "CREATE_GENE_HEATMAP": {
                    "r-base": "4.2.3",
                    "r-dplyr": "1.1.4",
                    "r-ggplot2": "3.4.4",
                    "r-rlang": "1.1.1",
                    "bioconductor-ComplexHeatmap": "2.14.0",
                    "r-circlize": "0.4.15",
                    "r-yaml": "2.3.8",
                    "r-fs": "1.6.4"
                },
                "NACHO_NORMALIZE": {
                    "r-base": "4.5.2",
                    "r-nacho": "2.0.6",
                    "r-dplyr": "1.1.4",
                    "r-ggplot2": "4.0.1",
                    "r-tidyr": "1.3.2",
                    "r-readr": "2.1.6",
                    "r-fs": "1.6.6",
                    "r-optparse": "1.7.5"
                },
                "NACHO_QC": {
                    "r-base": "4.5.2",
                    "r-nacho": "2.0.6",
                    "r-dplyr": "1.1.4",
                    "r-ggplot2": "4.0.1",
                    "r-tidyr": "1.3.2",
                    "r-readr": "2.1.6",
                    "r-fs": "1.6.6",
                    "r-optparse": "1.7.5"
                },
                "Workflow": {
                    "nf-core/nanostring": "v1.3.3dev"
                }
            },
            [
                "QC",
                "QC/NACHO",
                "QC/NACHO/NanoQC.html",
                "QC/NACHO/NanoQC_with_outliers.html",
                "QC/NACHO/hk_detected_mqc.txt",
                "QC/NACHO/normalized_qc_mqc.txt",
                "QC/NACHO/png",
                "QC/NACHO/png/AVG_vs_BD_mqc.png",
                "QC/NACHO/png/AVG_vs_MED_mqc.png",
                "QC/NACHO/png/BD_mqc.png",
                "QC/NACHO/png/FOV_mqc.png",
                "QC/NACHO/png/HKF_mqc.png",
                "QC/NACHO/png/HK_mqc.png",
                "QC/NACHO/png/LOD_mqc.png",
                "QC/NACHO/png/Neg_mqc.png",
                "QC/NACHO/png/PCA1_vs_PCA2_mqc.png",
                "QC/NACHO/png/PCA_mqc.png",
                "QC/NACHO/png/PCAi_mqc.png",
                "QC/NACHO/png/POSF_vs_NEGF_mqc.png",
                "QC/NACHO/png/Pos_mqc.png",
                "QC/NACHO/png/Pos_vs_neg_mqc.png",
                "QC/NACHO/png/Posctrl_linearity_mqc.png",
                "QC/NACHO/png/plot_normf_mqc.png",
                "annotated_tables",
                "annotated_tables/counts_Norm_GEX_ENDO.tsv",
                "annotated_tables/counts_Norm_GEX_HK.tsv",
                "annotated_tables/counts_wo_HKnorm_Norm_GEX_ENDO.tsv",
                "annotated_tables/counts_wo_HKnorm_Norm_GEX_HK.tsv",
                "gene_heatmaps",
                "gene_heatmaps/gene_heatmap_mqc.png",
                "gene_heatmaps/wo_HKnorm_gene_heatmap_mqc.png",
                "multiqc",
                "multiqc/multiqc_data",
                "multiqc/multiqc_data/llms-full.txt",
                "multiqc/multiqc_data/multiqc.log",
                "multiqc/multiqc_data/multiqc.parquet",
                "multiqc/multiqc_data/multiqc_No_HK_Norm_GEX_ENDO.txt",
                "multiqc/multiqc_data/multiqc_No_HK_Norm_GEX_HK.txt",
                "multiqc/multiqc_data/multiqc_Norm_GEX_ENDO.txt",
                "multiqc/multiqc_data/multiqc_Norm_GEX_HK.txt",
                "multiqc/multiqc_data/multiqc_citations.txt",
                "multiqc/multiqc_data/multiqc_data.json",
                "multiqc/multiqc_data/multiqc_normalized_qc.txt",
                "multiqc/multiqc_data/multiqc_software_versions.txt",
                "multiqc/multiqc_data/multiqc_sources.txt",
                "multiqc/multiqc_plots",
                "multiqc/multiqc_plots/pdf",
                "multiqc/multiqc_plots/pdf/No_HK_Norm_GEX_ENDO.pdf",
                "multiqc/multiqc_plots/pdf/No_HK_Norm_GEX_HK.pdf",
                "multiqc/multiqc_plots/pdf/Norm_GEX_ENDO.pdf",
                "multiqc/multiqc_plots/pdf/Norm_GEX_HK.pdf",
                "multiqc/multiqc_plots/pdf/normalized_qc.pdf",
                "multiqc/multiqc_plots/png",
                "multiqc/multiqc_plots/png/No_HK_Norm_GEX_ENDO.png",
                "multiqc/multiqc_plots/png/No_HK_Norm_GEX_HK.png",
                "multiqc/multiqc_plots/png/Norm_GEX_ENDO.png",
                "multiqc/multiqc_plots/png/Norm_GEX_HK.png",
                "multiqc/multiqc_plots/png/normalized_qc.png",
                "multiqc/multiqc_plots/svg",
                "multiqc/multiqc_plots/svg/No_HK_Norm_GEX_ENDO.svg",
                "multiqc/multiqc_plots/svg/No_HK_Norm_GEX_HK.svg",
                "multiqc/multiqc_plots/svg/Norm_GEX_ENDO.svg",
                "multiqc/multiqc_plots/svg/Norm_GEX_HK.svg",
                "multiqc/multiqc_plots/svg/normalized_qc.svg",
                "multiqc/multiqc_report.html",
                "normalized_counts",
                "normalized_counts/normalized_counts.tsv",
                "normalized_counts/normalized_counts_wo_HKnorm.tsv",
                "pipeline_info",
                "pipeline_info/nf_core_nanostring_software_mqc_versions.yml"
            ],
            [
                "hk_detected_mqc.txt:md5,61209383acc2abf6fc3ea309b5a5e094",
                "normalized_qc_mqc.txt:md5,9a0b015a28094a17331b12b08898da8e",
                "multiqc_No_HK_Norm_GEX_ENDO.txt:md5,e2519ba9b3305506903ec7a5ab129273",
                "multiqc_No_HK_Norm_GEX_HK.txt:md5,7e0c5b707084b96c8c9971b370efedda",
                "multiqc_Norm_GEX_ENDO.txt:md5,e19c84ecced09ae16080bab597cf38d6",
                "multiqc_Norm_GEX_HK.txt:md5,1741444283470be6edcc00cae0b66935",
                "multiqc_citations.txt:md5,4c806e63a283ec1b7e78cdae3a923d4f",
                "multiqc_normalized_qc.txt:md5,44a0350c527fe8735fc6b419536a78f5",
                "multiqc_sources.txt:md5,d2a044df39ce3c6abe5cdc2d67473490"
            ]
        ],
        "meta": {
            "nf-test": "0.9.3",
            "nextflow": "25.10.3"
        },
        "timestamp": "2026-01-27T14:31:33.222342416"
    }
}