{
    "test profile": {
        "content": [
            [
                "AVG_vs_BD_mqc.png",
                "AVG_vs_MED_mqc.png",
                "BD_mqc.png",
                "FOV_mqc.png",
                "HKF_mqc.png",
                "HK_mqc.png",
                "LOD_mqc.png",
                "Neg_mqc.png",
                "PCA1_vs_PCA2_mqc.png",
                "PCA_mqc.png",
                "PCAi_mqc.png",
                "POSF_vs_NEGF_mqc.png",
                "Pos_mqc.png",
                "Pos_vs_neg_mqc.png",
                "Posctrl_linearity_mqc.png",
                "plot_normf_mqc.png"
            ],
            [
                
            ],
            [
                "versions.yml:md5,d7bcd25bd728c155560d1a01bce761f8"
            ]
        ],
        "meta": {
            "nf-test": "0.9.2",
            "nextflow": "25.04.6"
        },
        "timestamp": "2025-08-27T17:35:49.835996165"
    }
}