{
    "Should run without failures": {
        "content": [
            {
                "0": [
                    [
                        {
                            "id": "test_sample"
                        },
                        "counts_Norm_GEX_ENDO.tsv:md5,5992886680cb6fc6f3e901e79752d544"
                    ]
                ],
                "1": [
                    [
                        {
                            "id": "test_sample"
                        },
                        "counts_Norm_GEX_HK.tsv:md5,9d8a0503df864a82990648348131be21"
                    ]
                ],
                "2": [
                    [
                        {
                            "id": "test_sample"
                        },
                        [
                            "Norm_GEX_ENDO_mqc.tsv:md5,5992886680cb6fc6f3e901e79752d544",
                            "Norm_GEX_HK_mqc.tsv:md5,9d8a0503df864a82990648348131be21"
                        ]
                    ]
                ],
                "3": [
                    "versions.yml:md5,43b871def59fb08862ac85e636101fe5"
                ],
                "annotated_data_mqc": [
                    [
                        {
                            "id": "test_sample"
                        },
                        [
                            "Norm_GEX_ENDO_mqc.tsv:md5,5992886680cb6fc6f3e901e79752d544",
                            "Norm_GEX_HK_mqc.tsv:md5,9d8a0503df864a82990648348131be21"
                        ]
                    ]
                ],
                "annotated_endo_data": [
                    [
                        {
                            "id": "test_sample"
                        },
                        "counts_Norm_GEX_ENDO.tsv:md5,5992886680cb6fc6f3e901e79752d544"
                    ]
                ],
                "annotated_hk_data": [
                    [
                        {
                            "id": "test_sample"
                        },
                        "counts_Norm_GEX_HK.tsv:md5,9d8a0503df864a82990648348131be21"
                    ]
                ],
                "versions": [
                    "versions.yml:md5,43b871def59fb08862ac85e636101fe5"
                ]
            }
        ],
        "meta": {
            "nf-test": "0.9.2",
            "nextflow": "25.04.6"
        },
        "timestamp": "2025-08-27T15:19:33.731479441"
    }
}