{
    "versions": {
        "content": [
            [
                "versions.yml:md5,39e2f90ec64507b913750e195418b2f8",
                "versions.yml:md5,fada5495f572217c5a3bf98050dba293"
            ]
        ],
        "meta": {
            "nf-test": "0.9.2",
            "nextflow": "25.04.6"
        },
        "timestamp": "2025-09-03T13:05:55.67538203"
    },
    "stub": {
        "content": [
            {
                "0": [
                    "versions.yml:md5,39e2f90ec64507b913750e195418b2f8",
                    "versions.yml:md5,fada5495f572217c5a3bf98050dba293"
                ],
                "1": [
                    [
                        "gene_heatmap_mqc.png:md5,d41d8cd98f00b204e9800998ecf8427e"
                    ],
                    [
                        "scores_for_mqc.txt:md5,d41d8cd98f00b204e9800998ecf8427e",
                        "signature_scores_qc_mqc.txt:md5,d41d8cd98f00b204e9800998ecf8427e"
                    ]
                ],
                "multiqc_files": [
                    [
                        "gene_heatmap_mqc.png:md5,d41d8cd98f00b204e9800998ecf8427e"
                    ],
                    [
                        "scores_for_mqc.txt:md5,d41d8cd98f00b204e9800998ecf8427e",
                        "signature_scores_qc_mqc.txt:md5,d41d8cd98f00b204e9800998ecf8427e"
                    ]
                ],
                "versions": [
                    "versions.yml:md5,39e2f90ec64507b913750e195418b2f8",
                    "versions.yml:md5,fada5495f572217c5a3bf98050dba293"
                ]
            }
        ],
        "meta": {
            "nf-test": "0.9.2",
            "nextflow": "25.04.6"
        },
        "timestamp": "2025-09-03T18:40:05.990702299"
    },
    "output_filenames_filter": {
        "content": [
            [
                "gene_heatmap_mqc.png",
                "signature_scores_mqc.txt",
                "signature_scores_qc_mqc.txt"
            ]
        ],
        "meta": {
            "nf-test": "0.9.2",
            "nextflow": "25.04.6"
        },
        "timestamp": "2025-09-03T13:11:31.831749055"
    },
    "versions_filter": {
        "content": [
            [
                    "versions.yml:md5,39e2f90ec64507b913750e195418b2f8",
                    "versions.yml:md5,fada5495f572217c5a3bf98050dba293"
            ]
        ],
        "meta": {
            "nf-test": "0.9.2",
            "nextflow": "25.04.6"
        },
        "timestamp": "2025-09-03T13:06:44.737395143"
    },
    "output_filenames": {
        "content": [
            [
                "gene_heatmap_mqc.png",
                "signature_scores_mqc.txt",
                "signature_scores_qc_mqc.txt"
            ]
        ],
        "meta": {
            "nf-test": "0.9.2",
            "nextflow": "25.04.6"
        },
        "timestamp": "2025-09-03T13:05:55.712919014"
    }
}